// Jest Snapshot v1, https://goo.gl/fbAQLP

exports[`renders the Calculator component 1`] = `
<div
  className="calculator"
>
  <div>
    <div
      className="calculator-body"
    >
      <div
        className="input-val"
      >
        <input
          data-testid="mainResult"
          onChange={[Function]}
          type="text"
          value={0}
        />
      </div>
    </div>
    <div
      className="calculator-body"
    >
      <div
        className="calc-row"
        data-testid="AC"
        onClick={[Function]}
      >
        AC
      </div>
      <div
        className="calc-row"
        data-testid="+/-"
        onClick={[Function]}
      >
        +/-
      </div>
      <div
        className="calc-row"
        data-testid="%"
        onClick={[Function]}
      >
        %
      </div>
      <div
        className="calc-row arthemetic"
        data-testid=""
        onClick={[Function]}
      >
        รท
      </div>
    </div>
    <div
      className="calculator-body"
    >
      <div
        className="calc-row"
        data-testid="7"
        onClick={[Function]}
      >
        7
      </div>
      <div
        className="calc-row"
        data-testid="8"
        onClick={[Function]}
      >
        8
      </div>
      <div
        className="calc-row"
        data-testid="9"
        onClick={[Function]}
      >
        9
      </div>
      <div
        className="calc-row arthemetic"
        data-testid="x"
        onClick={[Function]}
      >
        x
      </div>
    </div>
    <div
      className="calculator-body"
    >
      <div
        className="calc-row"
        data-testid="4"
        onClick={[Function]}
      >
        4
      </div>
      <div
        className="calc-row"
        data-testid="5"
        onClick={[Function]}
      >
        5
      </div>
      <div
        className="calc-row"
        data-testid="6"
        onClick={[Function]}
      >
        6
      </div>
      <div
        className="calc-row arthemetic"
        data-testid="-"
        onClick={[Function]}
      >
        -
      </div>
    </div>
    <div
      className="calculator-body"
    >
      <div
        className="calc-row"
        data-testid="1"
        onClick={[Function]}
      >
        1
      </div>
      <div
        className="calc-row"
        data-testid="2"
        onClick={[Function]}
      >
        2
      </div>
      <div
        className="calc-row"
        data-testid="3"
        onClick={[Function]}
      >
        3
      </div>
      <div
        className="calc-row  arthemetic"
        data-testid="+"
        onClick={[Function]}
      >
        +
      </div>
    </div>
    <div
      className="calculator-body-last"
    >
      <div
        className="calc-row cols-span-2"
        data-testid="0"
        onClick={[Function]}
      >
        0
      </div>
      <div
        className="calc-row"
        data-testid="."
        onClick={[Function]}
      >
        .
      </div>
      <div
        className="calc-row arthemetic"
        data-testid="="
        onClick={[Function]}
      >
        =
      </div>
    </div>
  </div>
  <div
    className="math-logic"
  >
    <h2>
      Let's do some math
    </h2>
  </div>
</div>
`;
